error: could not compile `graphdb` (lib test) due to 3 previous errors; 54 warnings emitted
