error: could not compile `graphdb` (lib test) due to 1 previous error; 96 warnings emitted
